jarrivi@RIO:/mnt/c/Users/JARRIVI/mujoco_mpc/build$ cmake --build . -j4
[  0%] Copying tasks into binary directory
[  1%] Built target log_severity
[  1%] Built target spinlock_wait
[  1%] Built target lodepng
[  1%] Built target tinyxml2
[  2%] Built target ccd
[  4%] Built target tinyobjloader
[  8%] Built target qhullstatic_r
[  8%] Built target strerror
[ 13%] Built target glfw
[ 13%] Built target int128
[ 14%] Built target time_zone
[ 16%] Built target exponential_biased
[ 17%] Built target civil_time
[ 17%] Built target random_seed_gen_exception
[ 17%] Built target log_internal_nullguard
[ 17%] Built target random_internal_platform
[ 19%] Built target flags_commandlineflag_internal
[ 19%] Built target raw_logging_internal
[ 19%] Built target gtest
[ 19%] Built target random_internal_randen_hwaes_impl
[ 19%] Built target random_internal_randen_slow
[ 19%] Built target cordz_functions
[ 19%] Built target gmock
[ 19%] Built target gtest_main
[ 20%] Built target base
[ 20%] Built target throw_delegate
[ 22%] Built target debugging_internal
[ 23%] Built target strings_internal
[ 23%] Built target demangle_internal
[ 37%] Built target string_view
[ 37%] Built target mujoco
[ 38%] Built target bad_variant_access
[ 38%] Built target low_level_hash
[ 38%] Built target city
[ 38%] Built target bad_optional_access
[ 38%] Built target crc_cpu_detect
[ 40%] Built target log_internal_conditions
[ 40%] Built target random_internal_randen_hwaes
[ 41%] Built target lqr
[ 43%] Built target simulation
[ 43%] Built target threadpool
[ 43%] Built target platform_ui_adapter
[ 43%] Built target malloc_internal
[ 44%] Built target stacktrace
[ 46%] Built target crc_internal
[ 47%] Built target random_internal_randen
[ 50%] Built target strings
[ 52%] Built target graphcycles_internal
[ 52%] Built target symbolize
[ 53%] Built target time
[ 53%] Built target hash
[ 53%] Built target examine_stack
[ 53%] Built target log_internal_globals
[ 55%] Built target str_format_internal
[ 55%] Built target log_internal_proto
[ 55%] Built target log_globals
[ 55%] Built target log_entry
[ 55%] Built target random_distributions
[ 56%] Built target random_internal_seed_material
[ 58%] Built target flags_marshalling
[ 58%] Built target flags_commandlineflag
[ 59%] Built target load
[ 59%] Built target kernel_timeout_internal
[ 61%] Built target crc32c
[ 61%] Built target log_sink
[ 61%] Built target log_internal_format
[ 61%] Built target flags_private_handle_accessor
[ 61%] Built target random_internal_pool_urbg
[ 61%] Built target crc_cord_state
[ 64%] Built target random_seed_sequences
[ 64%] Built target synchronization
[ 65%] Built target log_internal_log_sink_set
[ 67%] Built target hashtablez_sampler
[ 70%] Built target cord_internal
[ 70%] Built target cordz_handle
[ 70%] Built target flags_program_name
[ 71%] Built target raw_hash_set
[ 71%] Built target log_internal_message
[ 71%] Built target cordz_info
[ 71%] Built target flags_config
[ 71%] Built target log_internal_check_op
[ 71%] Built target flags_internal
[ 71%] Built target cord
[ 71%] Built target copy_resources
[ 71%] Copying Menagerie and dm_control assets into binary directory
patching file /mnt/c/Users/JARRIVI/mujoco_mpc/build/mjpc/tasks/acrobot/acrobot_modified.xml (read from /mnt/c/Users/JARRIVI/mujoco_mpc/build/mjpc/tasks/acrobot/acrobot.xml)
patching file /mnt/c/Users/JARRIVI/mujoco_mpc/build/mjpc/tasks/cartpole/cartpole_modified.xml (read from /mnt/c/Users/JARRIVI/mujoco_mpc/build/mjpc/tasks/cartpole/cartpole.xml)
patching file /mnt/c/Users/JARRIVI/mujoco_mpc/build/mjpc/tasks/humanoid/humanoid_modified.xml (read from /mnt/c/Users/JARRIVI/mujoco_mpc/build/mjpc/tasks/humanoid/humanoid.xml)
patching file /mnt/c/Users/JARRIVI/mujoco_mpc/build/mjpc/tasks/particle/particle_modified.xml (read from /mnt/c/Users/JARRIVI/mujoco_mpc/build/mjpc/tasks/particle/particle.xml)
[ 73%] Built target flags_reflection
patching file /mnt/c/Users/JARRIVI/mujoco_mpc/build/mjpc/tasks/swimmer/swimmer_modified.xml (read from /mnt/c/Users/JARRIVI/mujoco_mpc/build/mjpc/tasks/swimmer/swimmer.xml)
patching file /mnt/c/Users/JARRIVI/mujoco_mpc/build/mjpc/tasks/walker/walker_modified.xml (read from /mnt/c/Users/JARRIVI/mujoco_mpc/build/mjpc/tasks/walker/walker.xml)
[ 73%] Built target flags
[ 73%] Built target flags_usage_internal
[ 73%] Built target flags_usage
[ 73%] Built target flags_parse
patching file /mnt/c/Users/JARRIVI/mujoco_mpc/build/mjpc/tasks/allegro/right_hand_modified.xml (read from /mnt/c/Users/JARRIVI/mujoco_mpc/build/mjpc/tasks/allegro/right_hand.xml)
patching file /mnt/c/Users/JARRIVI/mujoco_mpc/build/mjpc/tasks/panda/panda_modified.xml (read from /mnt/c/Users/JARRIVI/mujoco_mpc/build/mjpc/tasks/panda/panda.xml)
patching file /mnt/c/Users/JARRIVI/mujoco_mpc/build/mjpc/tasks/quadruped/a1_modified.xml (read from /mnt/c/Users/JARRIVI/mujoco_mpc/build/mjpc/tasks/quadruped/a1.xml)
patching file /mnt/c/Users/JARRIVI/mujoco_mpc/build/mjpc/tasks/quadrotor/quadrotor_modified.xml (read from /mnt/c/Users/JARRIVI/mujoco_mpc/build/mjpc/tasks/quadrotor/quadrotor.xml)
patching file /mnt/c/Users/JARRIVI/mujoco_mpc/build/mjpc/tasks/common_assets/cube_modified_shadow_reorient.xml (read from /mnt/c/Users/JARRIVI/mujoco_mpc/build/mjpc/tasks/common_assets/reorientation_cube.xml)
patching file /mnt/c/Users/JARRIVI/mujoco_mpc/build/mjpc/tasks/rubik/cube_3x3x3_modified.xml (read from /mnt/c/Users/JARRIVI/mujoco_mpc/build/mjpc/tasks/rubik/cube_3x3x3.xml)
patching file /mnt/c/Users/JARRIVI/mujoco_mpc/build/mjpc/tasks/rubik/transition_model.xml (read from /mnt/c/Users/JARRIVI/mujoco_mpc/build/mjpc/tasks/rubik/cube_3x3x3.xml)
patching file /mnt/c/Users/JARRIVI/mujoco_mpc/build/mjpc/tasks/bimanual/aloha_cartesian.xml (read from /mnt/c/Users/JARRIVI/mujoco_mpc/build/mjpc/tasks/bimanual/aloha.xml)
patching file /mnt/c/Users/JARRIVI/mujoco_mpc/build/mjpc/tasks/bimanual/mjx_aloha.xml (read from /mnt/c/Users/JARRIVI/mujoco_mpc/build/mjpc/tasks/bimanual/aloha.xml)
patching file /mnt/c/Users/JARRIVI/mujoco_mpc/build/mjpc/tasks/bimanual/mjx_scene.xml (read from /mnt/c/Users/JARRIVI/mujoco_mpc/build/mjpc/tasks/bimanual/scene.xml)
Hunk #1 succeeded at 1 with fuzz 1.
patching file /mnt/c/Users/JARRIVI/mujoco_mpc/build/mjpc/tasks/bimanual/mjx_filtered_cartesian_actuators.xml (read from /mnt/c/Users/JARRIVI/mujoco_mpc/build/mjpc/tasks/bimanual/filtered_cartesian_actuators.xml)
patching file /mnt/c/Users/JARRIVI/mujoco_mpc/build/mjpc/tasks/op3/op3_modified.xml (read from /mnt/c/Users/JARRIVI/mujoco_mpc/build/mjpc/tasks/op3/op3.xml)
[ 73%] Built target copy_model_resources
[ 74%] Building CXX object mjpc/CMakeFiles/libmjpc.dir/simulate.cc.o
[ 74%] Linking CXX static library ../lib/libmjpc.a
[ 86%] Built target libmjpc
[ 86%] Built target libtestspeed
[ 86%] Linking CXX executable ../bin/mjpc
[ 86%] Linking CXX executable ../../../bin/agent_test
[ 88%] Linking CXX executable ../../../bin/agent_utilities_test
[ 88%] Linking CXX executable ../../../bin/cost_derivatives_test
[ 88%] Built target cost_derivatives_test
[ 88%] Linking CXX executable ../../../bin/norm_test
[ 88%] Built target agent_utilities_test
[ 88%] Built target mjpc
[ 88%] Linking CXX executable ../../../bin/rollout_test
[ 88%] Linking CXX executable ../../../bin/threadpool_test
[ 89%] Built target threadpool_test
[ 91%] Built target norm_test
[ 91%] Linking CXX executable ../../../bin/trajectory_test
[ 92%] Built target rollout_test
[ 94%] Linking CXX executable ../../../bin/direct_force_test
[ 94%] Built target agent_test
[ 94%] Linking CXX executable ../../../bin/direct_parameter_test
[ 94%] Linking CXX executable ../../../bin/direct_optimize_test
[ 94%] Built target trajectory_test
[ 94%] Linking CXX executable ../../../bin/direct_sensor_test
[ 94%] Built target direct_force_test
[ 94%] Built target direct_parameter_test
[ 94%] Linking CXX executable ../../../bin/direct_trajectory_test
[ 94%] Built target direct_optimize_test
[ 94%] Linking CXX executable ../../../bin/direct_utilities_test
[ 94%] Linking CXX executable ../../../bin/batch_filter_test
[ 95%] Built target direct_trajectory_test
[ 95%] Built target direct_sensor_test
[ 95%] Linking CXX executable ../../../bin/batch_prior_test
[ 95%] Linking CXX executable ../../../bin/kalman_test
[ 95%] Built target direct_utilities_test
[ 97%] Linking CXX executable ../../../bin/unscented_test
[ 97%] Built target batch_filter_test
[ 97%] Linking CXX executable ../../../bin/gradient_planner_test
[ 98%] Built target kalman_test
[ 98%] Built target batch_prior_test
[ 98%] Linking CXX executable ../../../bin/gradient_test
[ 98%] Built target unscented_test
[100%] Linking CXX executable ../../../bin/zero_test
[100%] Linking CXX executable ../../../bin/linear_test
[100%] Built target gradient_planner_test
[100%] Linking CXX executable ../../../bin/cubic_test
[100%] Built target zero_test
[100%] Built target gradient_test
[100%] Linking CXX executable ../../../bin/ilqg_test
[100%] Linking CXX executable ../../../bin/backward_pass_test
[100%] Built target linear_test
[100%] Linking CXX executable ../../../../bin/robust_planner_test
[100%] Built target cubic_test
[100%] Linking CXX executable ../../../bin/sampling_planner_test
[100%] Built target backward_pass_test
[100%] Built target ilqg_test
[100%] Linking CXX executable ../../../bin/spline_test
[100%] Linking CXX executable ../../../bin/state_test
[100%] Built target state_test
[100%] Built target robust_planner_test
[100%] Linking CXX executable ../../../bin/task_test
[100%] Linking CXX executable ../../../bin/utilities_test
[100%] Built target sampling_planner_test
[100%] Linking CXX executable ../bin/testspeed
[100%] Built target spline_test
[100%] Built target utilities_test
[100%] Built target testspeed
[100%] Built target task_test
